// Jest Snapshot v1, https://goo.gl/fbAQLP

exports[`should render Multiples correctly 1`] = `
<div
  className="grid"
>
  <div
    data-testid="number"
    key="1"
  >
    <Number
      handleSelected={[Function]}
      isActive={false}
      number={1}
    />
  </div>
  <div
    data-testid="number"
    key="2"
  >
    <Number
      handleSelected={[Function]}
      isActive={false}
      number={2}
    />
  </div>
  <div
    data-testid="number"
    key="3"
  >
    <Number
      handleSelected={[Function]}
      isActive={false}
      number={3}
    />
  </div>
  <div
    data-testid="number"
    key="4"
  >
    <Number
      handleSelected={[Function]}
      isActive={false}
      number={4}
    />
  </div>
  <div
    data-testid="number"
    key="5"
  >
    <Number
      handleSelected={[Function]}
      isActive={false}
      number={5}
    />
  </div>
  <div
    data-testid="number"
    key="6"
  >
    <Number
      handleSelected={[Function]}
      isActive={false}
      number={6}
    />
  </div>
  <div
    data-testid="number"
    key="7"
  >
    <Number
      handleSelected={[Function]}
      isActive={false}
      number={7}
    />
  </div>
  <div
    data-testid="number"
    key="8"
  >
    <Number
      handleSelected={[Function]}
      isActive={false}
      number={8}
    />
  </div>
  <div
    data-testid="number"
    key="9"
  >
    <Number
      handleSelected={[Function]}
      isActive={false}
      number={9}
    />
  </div>
  <div
    data-testid="number"
    key="10"
  >
    <Number
      handleSelected={[Function]}
      isActive={false}
      number={10}
    />
  </div>
</div>
`;
